{
  "firstName": "Artem",
  "lastName": "Kornev",
  "description": "consectetur adipiscing elit",
  "characteristics": [
    "shy",
    "tactful",
    "resourceful",
    "reliable"
  ],
  "postId": "762d15a5-3bc9-43ef-ae96-02a680a557d0",
  "jobType": "PERMANENT",
  "contacts": {
    "phone": "+16463483212",
    "email": "Kornevenrok@gmail.com",
    "workEmail": "KornevWorker123@bk.ru"
  }
}