{
  "id": "8ee05ef8-eed9-11ec-8ea0-0242ac120002",
  "firstName": "Artem",
  "lastName": "Kornev",
  "description": "consectetur adipiscing elit",
  "characteristics": [
    "shy",
    "tactful",
    "resourceful",
    "reliable"
  ],
  "postId": "854ef89d-6c27-4635-926d-894d76a81707",
  "jobType": "PERMANENT",
  "contacts": {
    "phone": "+16463483212",
    "email": "Kornevenrok@gmail.com",
    "workEmail": "KornevWorker123@bk.ru"
  }
}