{
  "id": "9d74e86a-3f7e-4652-b887-ee67cba6ad9b",
  "name": "Mobile"
}