{
  "id": "8ee05ef8-eed9-11ec-8ea0-0242ac120002",
  "firstName": "Artem",
  "lastName": "Kornev",
  "description": "",
  "characteristics": ["shy", "tactful", "resourceful", "reliable"],
  "postId": "e0f075a2-efa1-11ec-8ea0-0242ac120002",
  "jobType": "PERMANENT",
  "contacts": {
    "phone": "+16463483212",
    "email": "Kornevenrok@gmail.com",
    "workEmail": "KornevWorker123@bk.ru"
  }
}